// Jest Snapshot v1, https://goo.gl/fbAQLP

exports[`<ChatHeader /> matches snapshot 1`] = `
<View
  className="flex-row justify-between items-center px-6 py-4 bg-app-dark-background"
>
  <View
    className="flex-row items-center"
  >
    <View
      accessibilityState={
        {
          "busy": undefined,
          "checked": undefined,
          "disabled": undefined,
          "expanded": undefined,
          "selected": undefined,
        }
      }
      accessibilityValue={
        {
          "max": undefined,
          "min": undefined,
          "now": undefined,
          "text": undefined,
        }
      }
      accessible={true}
      collapsable={false}
      focusable={true}
      onClick={[Function]}
      onResponderGrant={[Function]}
      onResponderMove={[Function]}
      onResponderRelease={[Function]}
      onResponderTerminate={[Function]}
      onResponderTerminationRequest={[Function]}
      onStartShouldSetResponder={[Function]}
      style={
        {
          "opacity": 1,
        }
      }
      testID="all-chats-button"
    >
      <Text
        allowFontScaling={false}
        className="text-app-dark-icon"
        selectable={false}
        style={
          [
            {
              "color": "#1cb8ff",
              "fontSize": 30,
            },
            undefined,
            {
              "fontFamily": "ionicons",
              "fontStyle": "normal",
              "fontWeight": "normal",
            },
            {},
          ]
        }
      >
        
      </Text>
    </View>
    <View
      accessibilityState={
        {
          "busy": undefined,
          "checked": undefined,
          "disabled": undefined,
          "expanded": undefined,
          "selected": undefined,
        }
      }
      accessibilityValue={
        {
          "max": undefined,
          "min": undefined,
          "now": undefined,
          "text": undefined,
        }
      }
      accessible={true}
      collapsable={false}
      focusable={true}
      onClick={[Function]}
      onResponderGrant={[Function]}
      onResponderMove={[Function]}
      onResponderRelease={[Function]}
      onResponderTerminate={[Function]}
      onResponderTerminationRequest={[Function]}
      onStartShouldSetResponder={[Function]}
      style={
        {
          "opacity": 1,
        }
      }
      testID="add-button"
    >
      <Text
        allowFontScaling={false}
        className="text-app-dark-icon"
        selectable={false}
        style={
          [
            {
              "color": "#1cb8ff",
              "fontSize": 30,
            },
            undefined,
            {
              "fontFamily": "ionicons",
              "fontStyle": "normal",
              "fontWeight": "normal",
            },
            {},
          ]
        }
      >
        
      </Text>
    </View>
  </View>
  <View
    className="flex-row items-center space-x-2"
  >
    <Text
      className="text-app-dark-text text-xl font-bold"
    >
      V2 Chat
    </Text>
  </View>
</View>
`;
