// Jest Snapshot v1, https://goo.gl/fbAQLP

exports[`<ChatView /> matches snapshot 1`] = `
<RCTSafeAreaView
  className="flex-1 bg-app-dark-background pt-5"
>
        
  <View
    className="flex-row justify-between items-center px-6 py-4 bg-app-dark-background"
  >
    <View
      className="flex-row items-center"
    >
      <View
        accessibilityState={
          {
            "busy": undefined,
            "checked": undefined,
            "disabled": undefined,
            "expanded": undefined,
            "selected": undefined,
          }
        }
        accessibilityValue={
          {
            "max": undefined,
            "min": undefined,
            "now": undefined,
            "text": undefined,
          }
        }
        accessible={true}
        collapsable={false}
        focusable={true}
        onClick={[Function]}
        onResponderGrant={[Function]}
        onResponderMove={[Function]}
        onResponderRelease={[Function]}
        onResponderTerminate={[Function]}
        onResponderTerminationRequest={[Function]}
        onStartShouldSetResponder={[Function]}
        style={
          {
            "opacity": 1,
          }
        }
        testID="all-chats-button"
      >
        <Text
          allowFontScaling={false}
          className="text-app-dark-icon"
          selectable={false}
          style={
            [
              {
                "color": "#1cb8ff",
                "fontSize": 30,
              },
              undefined,
              {
                "fontFamily": "ionicons",
                "fontStyle": "normal",
                "fontWeight": "normal",
              },
              {},
            ]
          }
        >
          
        </Text>
      </View>
      <View
        accessibilityState={
          {
            "busy": undefined,
            "checked": undefined,
            "disabled": undefined,
            "expanded": undefined,
            "selected": undefined,
          }
        }
        accessibilityValue={
          {
            "max": undefined,
            "min": undefined,
            "now": undefined,
            "text": undefined,
          }
        }
        accessible={true}
        collapsable={false}
        focusable={true}
        onClick={[Function]}
        onResponderGrant={[Function]}
        onResponderMove={[Function]}
        onResponderRelease={[Function]}
        onResponderTerminate={[Function]}
        onResponderTerminationRequest={[Function]}
        onStartShouldSetResponder={[Function]}
        style={
          {
            "opacity": 1,
          }
        }
        testID="add-button"
      >
        <Text
          allowFontScaling={false}
          className="text-app-dark-icon"
          selectable={false}
          style={
            [
              {
                "color": "#1cb8ff",
                "fontSize": 30,
              },
              undefined,
              {
                "fontFamily": "ionicons",
                "fontStyle": "normal",
                "fontWeight": "normal",
              },
              {},
            ]
          }
        >
          
        </Text>
      </View>
    </View>
    <View
      className="flex-row items-center space-x-2"
    >
      <Text
        className="text-app-dark-text text-xl font-bold"
      >
        V2 Chat
      </Text>
    </View>
  </View>
        
  <View
    className="flex-1"
    style={
      {
        "paddingBottom": 0,
      }
    }
  >
    <RCTScrollView
      bounces={false}
      className="flex-1 px-8"
      contentContainerStyle={
        {
          "flexGrow": 1,
          "paddingBottom": 20,
        }
      }
      keyboardShouldPersistTaps="handled"
      showsVerticalScrollIndicator={false}
      testID="chat-container"
    >
      <View>
                  
        <View
          className="flex-1 justify-center items-center py-16"
        >
          <Text
            className="text-app-dark-text text-4xl font-semibold mb-16 text-center"
          >
            How can I help you, 
            user
            ?
          </Text>
          <View
            className="w-full max-w-2xl mb-3"
          >
            <View
              className="flex-row flex-wrap justify-center"
            >
              <View
                className="flex-row w-full "
              >
                <View
                  accessibilityState={
                    {
                      "busy": undefined,
                      "checked": undefined,
                      "disabled": undefined,
                      "expanded": undefined,
                      "selected": undefined,
                    }
                  }
                  accessibilityValue={
                    {
                      "max": undefined,
                      "min": undefined,
                      "now": undefined,
                      "text": undefined,
                    }
                  }
                  accessible={true}
                  collapsable={false}
                  focusable={true}
                  onClick={[Function]}
                  onResponderGrant={[Function]}
                  onResponderMove={[Function]}
                  onResponderRelease={[Function]}
                  onResponderTerminate={[Function]}
                  onResponderTerminationRequest={[Function]}
                  onStartShouldSetResponder={[Function]}
                  style={
                    {
                      "opacity": 1,
                    }
                  }
                  testID="action-create"
                >
                  <Text
                    allowFontScaling={false}
                    className="app-dark-icon"
                    selectable={false}
                    style={
                      [
                        {
                          "color": "#1769aa",
                          "fontSize": 20,
                        },
                        undefined,
                        {
                          "fontFamily": "ionicons",
                          "fontStyle": "normal",
                          "fontWeight": "normal",
                        },
                        {},
                      ]
                    }
                  >
                    
                  </Text>
                  <Text
                    className="text-app-dark-text  font-semibold text-lg"
                  >
                    Create
                  </Text>
                </View>
                <View
                  accessibilityState={
                    {
                      "busy": undefined,
                      "checked": undefined,
                      "disabled": undefined,
                      "expanded": undefined,
                      "selected": undefined,
                    }
                  }
                  accessibilityValue={
                    {
                      "max": undefined,
                      "min": undefined,
                      "now": undefined,
                      "text": undefined,
                    }
                  }
                  accessible={true}
                  collapsable={false}
                  focusable={true}
                  onClick={[Function]}
                  onResponderGrant={[Function]}
                  onResponderMove={[Function]}
                  onResponderRelease={[Function]}
                  onResponderTerminate={[Function]}
                  onResponderTerminationRequest={[Function]}
                  onStartShouldSetResponder={[Function]}
                  style={
                    {
                      "opacity": 1,
                    }
                  }
                  testID="action-explore"
                >
                  <Text
                    allowFontScaling={false}
                    className=""
                    selectable={false}
                    style={
                      [
                        {
                          "color": "#1769aa",
                          "fontSize": 20,
                        },
                        undefined,
                        {
                          "fontFamily": "ionicons",
                          "fontStyle": "normal",
                          "fontWeight": "normal",
                        },
                        {},
                      ]
                    }
                  >
                    
                  </Text>
                  <Text
                    className="text-app-dark-text  font-semibold text-lg"
                  >
                    Explore
                  </Text>
                </View>
                <View
                  accessibilityState={
                    {
                      "busy": undefined,
                      "checked": undefined,
                      "disabled": undefined,
                      "expanded": undefined,
                      "selected": undefined,
                    }
                  }
                  accessibilityValue={
                    {
                      "max": undefined,
                      "min": undefined,
                      "now": undefined,
                      "text": undefined,
                    }
                  }
                  accessible={true}
                  collapsable={false}
                  focusable={true}
                  onClick={[Function]}
                  onResponderGrant={[Function]}
                  onResponderMove={[Function]}
                  onResponderRelease={[Function]}
                  onResponderTerminate={[Function]}
                  onResponderTerminationRequest={[Function]}
                  onStartShouldSetResponder={[Function]}
                  style={
                    {
                      "opacity": 1,
                    }
                  }
                  testID="action-code"
                >
                  <Text
                    allowFontScaling={false}
                    className="text-code"
                    selectable={false}
                    style={
                      [
                        {
                          "color": "#1769aa",
                          "fontSize": 20,
                        },
                        undefined,
                        {
                          "fontFamily": "ionicons",
                          "fontStyle": "normal",
                          "fontWeight": "normal",
                        },
                        {},
                      ]
                    }
                  >
                    
                  </Text>
                  <Text
                    className="text-app-dark-text  font-semibold text-lg"
                  >
                    Code
                  </Text>
                </View>
                <View
                  accessibilityState={
                    {
                      "busy": undefined,
                      "checked": undefined,
                      "disabled": undefined,
                      "expanded": undefined,
                      "selected": undefined,
                    }
                  }
                  accessibilityValue={
                    {
                      "max": undefined,
                      "min": undefined,
                      "now": undefined,
                      "text": undefined,
                    }
                  }
                  accessible={true}
                  collapsable={false}
                  focusable={true}
                  onClick={[Function]}
                  onResponderGrant={[Function]}
                  onResponderMove={[Function]}
                  onResponderRelease={[Function]}
                  onResponderTerminate={[Function]}
                  onResponderTerminationRequest={[Function]}
                  onStartShouldSetResponder={[Function]}
                  style={
                    {
                      "opacity": 1,
                    }
                  }
                  testID="action-learn"
                >
                  <Text
                    allowFontScaling={false}
                    className="text-learn"
                    selectable={false}
                    style={
                      [
                        {
                          "color": "#1769aa",
                          "fontSize": 20,
                        },
                        undefined,
                        {
                          "fontFamily": "ionicons",
                          "fontStyle": "normal",
                          "fontWeight": "normal",
                        },
                        {},
                      ]
                    }
                  >
                    
                  </Text>
                  <Text
                    className="text-app-dark-text  font-semibold text-lg"
                  >
                    Learn
                  </Text>
                </View>
              </View>
            </View>
          </View>
          <View
            className="w-full max-w-2xl"
          >
            <View
              accessibilityState={
                {
                  "busy": undefined,
                  "checked": undefined,
                  "disabled": undefined,
                  "expanded": undefined,
                  "selected": undefined,
                }
              }
              accessibilityValue={
                {
                  "max": undefined,
                  "min": undefined,
                  "now": undefined,
                  "text": undefined,
                }
              }
              accessible={true}
              collapsable={false}
              focusable={true}
              onClick={[Function]}
              onResponderGrant={[Function]}
              onResponderMove={[Function]}
              onResponderRelease={[Function]}
              onResponderTerminate={[Function]}
              onResponderTerminationRequest={[Function]}
              onStartShouldSetResponder={[Function]}
              style={
                {
                  "opacity": 1,
                }
              }
              testID="suggestion-0"
            >
              <Text
                className="text-app-dark-text text-base"
              >
                How does AI work?
              </Text>
            </View>
            <View
              accessibilityState={
                {
                  "busy": undefined,
                  "checked": undefined,
                  "disabled": undefined,
                  "expanded": undefined,
                  "selected": undefined,
                }
              }
              accessibilityValue={
                {
                  "max": undefined,
                  "min": undefined,
                  "now": undefined,
                  "text": undefined,
                }
              }
              accessible={true}
              collapsable={false}
              focusable={true}
              onClick={[Function]}
              onResponderGrant={[Function]}
              onResponderMove={[Function]}
              onResponderRelease={[Function]}
              onResponderTerminate={[Function]}
              onResponderTerminationRequest={[Function]}
              onStartShouldSetResponder={[Function]}
              style={
                {
                  "opacity": 1,
                }
              }
              testID="suggestion-1"
            >
              <Text
                className="text-app-dark-text text-base"
              >
                Are black holes real?
              </Text>
            </View>
            <View
              accessibilityState={
                {
                  "busy": undefined,
                  "checked": undefined,
                  "disabled": undefined,
                  "expanded": undefined,
                  "selected": undefined,
                }
              }
              accessibilityValue={
                {
                  "max": undefined,
                  "min": undefined,
                  "now": undefined,
                  "text": undefined,
                }
              }
              accessible={true}
              collapsable={false}
              focusable={true}
              onClick={[Function]}
              onResponderGrant={[Function]}
              onResponderMove={[Function]}
              onResponderRelease={[Function]}
              onResponderTerminate={[Function]}
              onResponderTerminationRequest={[Function]}
              onStartShouldSetResponder={[Function]}
              style={
                {
                  "opacity": 1,
                }
              }
              testID="suggestion-2"
            >
              <Text
                className="text-app-dark-text text-base"
              >
                How many Rs are in the word 'strawberry'?
              </Text>
            </View>
            <View
              accessibilityState={
                {
                  "busy": undefined,
                  "checked": undefined,
                  "disabled": undefined,
                  "expanded": undefined,
                  "selected": undefined,
                }
              }
              accessibilityValue={
                {
                  "max": undefined,
                  "min": undefined,
                  "now": undefined,
                  "text": undefined,
                }
              }
              accessible={true}
              collapsable={false}
              focusable={true}
              onClick={[Function]}
              onResponderGrant={[Function]}
              onResponderMove={[Function]}
              onResponderRelease={[Function]}
              onResponderTerminate={[Function]}
              onResponderTerminationRequest={[Function]}
              onStartShouldSetResponder={[Function]}
              style={
                {
                  "opacity": 1,
                }
              }
              testID="suggestion-3"
            >
              <Text
                className="text-app-dark-text text-base"
              >
                What is the meaning of life?
              </Text>
            </View>
          </View>
        </View>
      </View>
    </RCTScrollView>
    <View
      className="bg-app-dark-background px-3 py-0"
    >
      <View
        className="border-4 border-app-dark-border border-b-0 rounded-lg rounded-b-none   "
      >
        <View
          className="bg-app-dark-chat-bg  px-6 py-2  "
        >
           
          <TextInput
            blurOnSubmit={false}
            className="text-app-dark-text text-base min-h-6"
            multiline={true}
            onChangeText={[MockFunction]}
            onSubmitEditing={[Function]}
            placeholder="Type your message here..."
            placeholderTextColor="#9ca3af"
            returnKeyType="send"
            testID="message-input"
            value=""
          />
        </View>
        <View
          className="flex-row items-center justify-between bg-app-dark-chat-bg  px-6 py-2 "
        >
          <View
            className="flex-row items-center space-x-4 gap-2"
          >
            <View
              accessibilityState={
                {
                  "busy": undefined,
                  "checked": undefined,
                  "disabled": undefined,
                  "expanded": undefined,
                  "selected": undefined,
                }
              }
              accessibilityValue={
                {
                  "max": undefined,
                  "min": undefined,
                  "now": undefined,
                  "text": undefined,
                }
              }
              accessible={true}
              collapsable={false}
              focusable={true}
              onClick={[Function]}
              onResponderGrant={[Function]}
              onResponderMove={[Function]}
              onResponderRelease={[Function]}
              onResponderTerminate={[Function]}
              onResponderTerminationRequest={[Function]}
              onStartShouldSetResponder={[Function]}
              style={
                {
                  "opacity": 1,
                }
              }
              testID="model-selector"
            >
              <Text
                className="text-app-dark-text text-sm font-medium"
              >
                Gemini 2.5 Flash
              </Text>
              <Text
                allowFontScaling={false}
                className="text-app-dark-icon"
                selectable={false}
                style={
                  [
                    {
                      "color": "#6b6b6b",
                      "fontSize": 16,
                    },
                    undefined,
                    {
                      "fontFamily": "ionicons",
                      "fontStyle": "normal",
                      "fontWeight": "normal",
                    },
                    {},
                  ]
                }
              >
                
              </Text>
            </View>
          </View>
          <View
            accessibilityState={
              {
                "busy": undefined,
                "checked": undefined,
                "disabled": true,
                "expanded": undefined,
                "selected": undefined,
              }
            }
            accessibilityValue={
              {
                "max": undefined,
                "min": undefined,
                "now": undefined,
                "text": undefined,
              }
            }
            accessible={true}
            collapsable={false}
            focusable={false}
            onClick={[Function]}
            onResponderGrant={[Function]}
            onResponderMove={[Function]}
            onResponderRelease={[Function]}
            onResponderTerminate={[Function]}
            onResponderTerminationRequest={[Function]}
            onStartShouldSetResponder={[Function]}
            style={
              {
                "opacity": 1,
              }
            }
            testID="send-button"
          >
            <Text
              allowFontScaling={false}
              className="text-app-dark-text"
              selectable={false}
              style={
                [
                  {
                    "color": "#1f2937",
                    "fontSize": 20,
                  },
                  undefined,
                  {
                    "fontFamily": "ionicons",
                    "fontStyle": "normal",
                    "fontWeight": "normal",
                  },
                  {},
                ]
              }
            >
              
            </Text>
          </View>
        </View>
      </View>
    </View>
  </View>
</RCTSafeAreaView>
`;
